[33m>[39m Building...
[32m√[39m Building...
[1mInitial chunk files[22m[2m | [22m[1mNames[22m               [2m | [22m [1mRaw size[22m
[32mchunk-AVC4CVEA.js[39m  [2m | [22m[2m-[22m                   [2m | [22m [36m76.99 kB[39m[2m | [22m
[32mstyles.css[39m         [2m | [22m[2mstyles[22m              [2m | [22m [36m18.62 kB[39m[2m | [22m
[32mmain.js[39m            [2m | [22m[2mmain[22m                [2m | [22m [36m18.27 kB[39m[2m | [22m
[32mchunk-YEX3WPPA.js[39m  [2m | [22m[2m-[22m                   [2m | [22m [36m10.16 kB[39m[2m | [22m
[32mchunk-EVSPGG2W.js[39m  [2m | [22m[2m-[22m                   [2m | [22m  [36m1.64 kB[39m[2m | [22m
[32mpolyfills.js[39m       [2m | [22m[2mpolyfills[22m           [2m | [22m [36m95 bytes[39m[2m | [22m

[1m [22m                  [2m | [22m[1mInitial total[22m       [2m | [22m[1m125.77 kB[22m

[1mLazy chunk files[22m   [2m | [22m[1mNames[22m               [2m | [22m [1mRaw size[22m
[32mchunk-7DZWX6JT.js[39m  [2m | [22m[2mleave-module[22m        [2m | [22m[36m450.12 kB[39m[2m | [22m
[32mchunk-MJADOGIW.js[39m  [2m | [22m[2memployees-module[22m    [2m | [22m[36m405.71 kB[39m[2m | [22m
[32mchunk-UWQK4YAB.js[39m  [2m | [22m[2mattendance-module[22m   [2m | [22m[36m306.90 kB[39m[2m | [22m
[32mchunk-FLLPMTLK.js[39m  [2m | [22m[2mrecruitment-module[22m  [2m | [22m[36m295.01 kB[39m[2m | [22m
[32mchunk-5PFGMDVI.js[39m  [2m | [22m[2mrequests-module[22m     [2m | [22m[36m284.66 kB[39m[2m | [22m
[32mchunk-5O2DIXQW.js[39m  [2m | [22m[2mcontracts-module[22m    [2m | [22m[36m278.25 kB[39m[2m | [22m
[32mchunk-WIY6OUIX.js[39m  [2m | [22m[2mloans-module[22m        [2m | [22m[36m269.19 kB[39m[2m | [22m
[32mchunk-UNPHOVPH.js[39m  [2m | [22m[2madmin-module[22m        [2m | [22m[36m254.26 kB[39m[2m | [22m
[32mchunk-CSGTEMT4.js[39m  [2m | [22m[2mseparations-module[22m  [2m | [22m[36m228.74 kB[39m[2m | [22m
[32mchunk-VOFJS6KC.js[39m  [2m | [22m[2mpayroll-module[22m      [2m | [22m[36m171.27 kB[39m[2m | [22m
[32mchunk-TB3GDOTY.js[39m  [2m | [22m[2mperformance-module[22m  [2m | [22m[36m170.23 kB[39m[2m | [22m
[32mchunk-OLPHBJKV.js[39m  [2m | [22m[2mannouncements-module[22m[2m | [22m[36m163.17 kB[39m[2m | [22m
[32mchunk-XHSG7MDE.js[39m  [2m | [22m[2mpolicies-module[22m     [2m | [22m[36m154.01 kB[39m[2m | [22m
[32mchunk-PYRCA76R.js[39m  [2m | [22m[2massets-module[22m       [2m | [22m[36m150.08 kB[39m[2m | [22m
[32mchunk-5X6CPEKY.js[39m  [2m | [22m[2morg-chart-module[22m    [2m | [22m[36m146.05 kB[39m[2m | [22m
[2m...and 5 more lazy chunks files. Use "--verbose" to show all the files.[22m

Application bundle generation complete. [13.512 seconds] - 2026-06-23T07:36:58.305Z

Watch mode enabled. Watching for file changes...
NOTE: Raw file sizes do not reflect development server per-request transformations.
  [32m➜[39m  [1mLocal[22m:   [36mhttp://localhost:[1m4201[22m/[39m
[33m>[39m Changes detected. Rebuilding...
[32m√[39m Changes detected. Rebuilding...
[1mInitial chunk files[22m[2m | [22m[1mNames[22m               [2m | [22m [1mRaw size[22m
[32mchunk-X7YPONP2.js[39m  [2m | [22m[2m-[22m                   [2m | [22m [36m77.27 kB[39m[2m | [22m
[32mmain.js[39m            [2m | [22m[2mmain[22m                [2m | [22m [36m18.27 kB[39m[2m | [22m

[1mLazy chunk files[22m   [2m | [22m[1mNames[22m               [2m | [22m [1mRaw size[22m
[32mchunk-ZXT7DM4W.js[39m  [2m | [22m[2mleave-module[22m        [2m | [22m[36m450.12 kB[39m[2m | [22m
[32mchunk-VFLLA6IO.js[39m  [2m | [22m[2memployees-module[22m    [2m | [22m[36m405.71 kB[39m[2m | [22m
[32mchunk-SNTDSHDI.js[39m  [2m | [22m[2mloans-module[22m        [2m | [22m[36m269.19 kB[39m[2m | [22m
[32mchunk-GBQG5O7R.js[39m  [2m | [22m[2madmin-module[22m        [2m | [22m[36m254.26 kB[39m[2m | [22m
[32mchunk-CL2PYCTM.js[39m  [2m | [22m[2mseparations-module[22m  [2m | [22m[36m228.74 kB[39m[2m | [22m
[32mchunk-GPE3U35Z.js[39m  [2m | [22m[2mannouncements-module[22m[2m | [22m[36m163.17 kB[39m[2m | [22m
[32mchunk-KRVDSJCS.js[39m  [2m | [22m[2mpolicies-module[22m     [2m | [22m[36m154.01 kB[39m[2m | [22m
[32mchunk-ZWOSRCX2.js[39m  [2m | [22m[2massets-module[22m       [2m | [22m[36m150.08 kB[39m[2m | [22m
[32mchunk-QH2DTPTR.js[39m  [2m | [22m[2morg-chart-module[22m    [2m | [22m[36m146.05 kB[39m[2m | [22m
[32mchunk-LEHHU4UH.js[39m  [2m | [22m[2mreports-module[22m      [2m | [22m [36m78.69 kB[39m[2m | [22m
[32mchunk-4EWBBJSB.js[39m  [2m | [22m[2mauth-module[22m         [2m | [22m [36m76.81 kB[39m[2m | [22m
[32mchunk-PJKKATKF.js[39m  [2m | [22m[2mprofile-module[22m      [2m | [22m [36m70.42 kB[39m[2m | [22m

Application bundle generation complete. [9.839 seconds] - 2026-06-23T07:37:27.870Z

Page reload sent to client(s).
[33m>[39m Changes detected. Rebuilding...
[32m√[39m Changes detected. Rebuilding...
[1mInitial chunk files[22m[2m | [22m[1mNames[22m        [2m | [22m [1mRaw size[22m
[32mmain.js[39m            [2m | [22m[2mmain[22m         [2m | [22m [36m18.27 kB[39m[2m | [22m

[1mLazy chunk files[22m   [2m | [22m[1mNames[22m        [2m | [22m [1mRaw size[22m
[32mchunk-KQ76U6ZI.js[39m  [2m | [22m[2massets-module[22m[2m | [22m[36m152.10 kB[39m[2m | [22m

Application bundle generation complete. [3.510 seconds] - 2026-06-23T07:46:45.085Z

Page reload sent to client(s).
[33m>[39m Changes detected. Rebuilding...
[32m√[39m Changes detected. Rebuilding...
[1mInitial chunk files[22m[2m | [22m[1mNames[22m        [2m | [22m [1mRaw size[22m
[32mmain.js[39m            [2m | [22m[2mmain[22m         [2m | [22m [36m18.27 kB[39m[2m | [22m

[1mLazy chunk files[22m   [2m | [22m[1mNames[22m        [2m | [22m [1mRaw size[22m
[32mchunk-HXDA5JXZ.js[39m  [2m | [22m[2massets-module[22m[2m | [22m[36m152.13 kB[39m[2m | [22m

Application bundle generation complete. [3.046 seconds] - 2026-06-23T07:52:54.354Z

Component update sent to client(s).
[33m>[39m Changes detected. Rebuilding...
[32m√[39m Changes detected. Rebuilding...
[1mInitial chunk files[22m[2m | [22m[1mNames[22m               [2m | [22m [1mRaw size[22m
[32mchunk-JTITUY6K.js[39m  [2m | [22m[2m-[22m                   [2m | [22m [36m77.27 kB[39m[2m | [22m
[32mmain.js[39m            [2m | [22m[2mmain[22m                [2m | [22m [36m18.30 kB[39m[2m | [22m
[32mchunk-HKPYWOE5.js[39m  [2m | [22m[2m-[22m                   [2m | [22m [36m10.19 kB[39m[2m | [22m

[1mLazy chunk files[22m   [2m | [22m[1mNames[22m               [2m | [22m [1mRaw size[22m
[32mchunk-KFPMPXLR.js[39m  [2m | [22m[2mleave-module[22m        [2m | [22m[36m450.12 kB[39m[2m | [22m
[32mchunk-MN73NHZR.js[39m  [2m | [22m[2memployees-module[22m    [2m | [22m[36m405.71 kB[39m[2m | [22m
[32mchunk-HSEEC2QN.js[39m  [2m | [22m[2mattendance-module[22m   [2m | [22m[36m306.90 kB[39m[2m | [22m
[32mchunk-QOF4CQUZ.js[39m  [2m | [22m[2mrecruitment-module[22m  [2m | [22m[36m295.01 kB[39m[2m | [22m
[32mchunk-ABZVLZLP.js[39m  [2m | [22m[2mrequests-module[22m     [2m | [22m[36m284.66 kB[39m[2m | [22m
[32mchunk-DRDOLEG3.js[39m  [2m | [22m[2mcontracts-module[22m    [2m | [22m[36m278.25 kB[39m[2m | [22m
[32mchunk-NNOW2WUP.js[39m  [2m | [22m[2mloans-module[22m        [2m | [22m[36m269.19 kB[39m[2m | [22m
[32mchunk-QXFGO3AA.js[39m  [2m | [22m[2madmin-module[22m        [2m | [22m[36m254.26 kB[39m[2m | [22m
[32mchunk-W4BPQQO7.js[39m  [2m | [22m[2mseparations-module[22m  [2m | [22m[36m228.74 kB[39m[2m | [22m
[32mchunk-4VQRCKM4.js[39m  [2m | [22m[2mpayroll-module[22m      [2m | [22m[36m171.27 kB[39m[2m | [22m
[32mchunk-PDCHR3VN.js[39m  [2m | [22m[2mperformance-module[22m  [2m | [22m[36m170.23 kB[39m[2m | [22m
[32mchunk-OYUGE6TG.js[39m  [2m | [22m[2mannouncements-module[22m[2m | [22m[36m163.17 kB[39m[2m | [22m
[32mchunk-QGYL35RE.js[39m  [2m | [22m[2mpolicies-module[22m     [2m | [22m[36m154.01 kB[39m[2m | [22m
[32mchunk-3DBW4CEV.js[39m  [2m | [22m[2massets-module[22m       [2m | [22m[36m152.38 kB[39m[2m | [22m
[32mchunk-HC6MYVNY.js[39m  [2m | [22m[2morg-chart-module[22m    [2m | [22m[36m146.05 kB[39m[2m | [22m
[2m...and 3 more lazy chunks files. Use "--verbose" to show all the files.[22m

Application bundle generation complete. [2.632 seconds] - 2026-06-23T07:59:05.674Z

Page reload sent to client(s).
[33m>[39m Changes detected. Rebuilding...
[32m√[39m Changes detected. Rebuilding...
[1mInitial chunk files[22m[2m | [22m[1mNames[22m        [2m | [22m [1mRaw size[22m
[32mmain.js[39m            [2m | [22m[2mmain[22m         [2m | [22m [36m18.30 kB[39m[2m | [22m

[1mLazy chunk files[22m   [2m | [22m[1mNames[22m        [2m | [22m [1mRaw size[22m
[32mchunk-ANSMX6JZ.js[39m  [2m | [22m[2massets-module[22m[2m | [22m[36m153.54 kB[39m[2m | [22m

Application bundle generation complete. [2.023 seconds] - 2026-06-23T08:00:00.299Z

Component update sent to client(s).
[33m>[39m Changes detected. Rebuilding...
[32m√[39m Changes detected. Rebuilding...
[1mInitial chunk files[22m[2m | [22m[1mNames[22m        [2m | [22m [1mRaw size[22m
[32mmain.js[39m            [2m | [22m[2mmain[22m         [2m | [22m [36m18.30 kB[39m[2m | [22m

[1mLazy chunk files[22m   [2m | [22m[1mNames[22m        [2m | [22m [1mRaw size[22m
[32mchunk-RJQHPPJU.js[39m  [2m | [22m[2massets-module[22m[2m | [22m[36m154.94 kB[39m[2m | [22m

Application bundle generation complete. [2.138 seconds] - 2026-06-23T08:00:14.916Z

Component update sent to client(s).
[33m>[39m Changes detected. Rebuilding...
[32m√[39m Changes detected. Rebuilding...
[1mInitial chunk files[22m[2m | [22m[1mNames[22m               [2m | [22m [1mRaw size[22m
[32mchunk-FST5JLYQ.js[39m  [2m | [22m[2m-[22m                   [2m | [22m [36m77.27 kB[39m[2m | [22m
[32mmain.js[39m            [2m | [22m[2mmain[22m                [2m | [22m [36m18.33 kB[39m[2m | [22m
[32mchunk-YZZBY2FU.js[39m  [2m | [22m[2m-[22m                   [2m | [22m [36m10.66 kB[39m[2m | [22m

[1mLazy chunk files[22m   [2m | [22m[1mNames[22m               [2m | [22m [1mRaw size[22m
[32mchunk-STYX3TL5.js[39m  [2m | [22m[2mleave-module[22m        [2m | [22m[36m450.12 kB[39m[2m | [22m
[32mchunk-NG6ZHESR.js[39m  [2m | [22m[2memployees-module[22m    [2m | [22m[36m405.71 kB[39m[2m | [22m
[32mchunk-4KRVR7E2.js[39m  [2m | [22m[2mattendance-module[22m   [2m | [22m[36m306.90 kB[39m[2m | [22m
[32mchunk-NAHPX7SZ.js[39m  [2m | [22m[2mrecruitment-module[22m  [2m | [22m[36m295.01 kB[39m[2m | [22m
[32mchunk-AIWJEWEN.js[39m  [2m | [22m[2mrequests-module[22m     [2m | [22m[36m284.66 kB[39m[2m | [22m
[32mchunk-Y56OUN7Q.js[39m  [2m | [22m[2mcontracts-module[22m    [2m | [22m[36m278.25 kB[39m[2m | [22m
[32mchunk-6LGLX5D7.js[39m  [2m | [22m[2mloans-module[22m        [2m | [22m[36m269.19 kB[39m[2m | [22m
[32mchunk-X6GUK2MT.js[39m  [2m | [22m[2madmin-module[22m        [2m | [22m[36m254.26 kB[39m[2m | [22m
[32mchunk-KSCJW24E.js[39m  [2m | [22m[2mseparations-module[22m  [2m | [22m[36m228.74 kB[39m[2m | [22m
[32mchunk-UISPC7PY.js[39m  [2m | [22m[2mpayroll-module[22m      [2m | [22m[36m171.27 kB[39m[2m | [22m
[32mchunk-EGUGDNZ5.js[39m  [2m | [22m[2mperformance-module[22m  [2m | [22m[36m170.23 kB[39m[2m | [22m
[32mchunk-XBCSRJLF.js[39m  [2m | [22m[2mannouncements-module[22m[2m | [22m[36m163.17 kB[39m[2m | [22m
[32mchunk-QQNUIAIJ.js[39m  [2m | [22m[2massets-module[22m       [2m | [22m[36m154.81 kB[39m[2m | [22m
[32mchunk-XVI6YECO.js[39m  [2m | [22m[2mpolicies-module[22m     [2m | [22m[36m154.01 kB[39m[2m | [22m
[32mchunk-WMI2NCK3.js[39m  [2m | [22m[2morg-chart-module[22m    [2m | [22m[36m146.05 kB[39m[2m | [22m
[2m...and 3 more lazy chunks files. Use "--verbose" to show all the files.[22m

Application bundle generation complete. [12.894 seconds] - 2026-06-23T08:16:19.329Z

Page reload sent to client(s).
[33m>[39m Changes detected. Rebuilding...
[32m√[39m Changes detected. Rebuilding...
[1mInitial chunk files[22m[2m | [22m[1mNames[22m               [2m | [22m [1mRaw size[22m
[32mchunk-2Q5KABHP.js[39m  [2m | [22m[2m-[22m                   [2m | [22m [36m77.27 kB[39m[2m | [22m
[32mmain.js[39m            [2m | [22m[2mmain[22m                [2m | [22m [36m18.33 kB[39m[2m | [22m
[32mchunk-IAPF7WV3.js[39m  [2m | [22m[2m-[22m                   [2m | [22m [36m10.96 kB[39m[2m | [22m

[1mLazy chunk files[22m   [2m | [22m[1mNames[22m               [2m | [22m [1mRaw size[22m
[32mchunk-S5HHACBO.js[39m  [2m | [22m[2mleave-module[22m        [2m | [22m[36m450.12 kB[39m[2m | [22m
[32mchunk-VBJFZEB5.js[39m  [2m | [22m[2memployees-module[22m    [2m | [22m[36m405.71 kB[39m[2m | [22m
[32mchunk-LT4ATY5C.js[39m  [2m | [22m[2mattendance-module[22m   [2m | [22m[36m306.90 kB[39m[2m | [22m
[32mchunk-G6WQHZ7N.js[39m  [2m | [22m[2mrecruitment-module[22m  [2m | [22m[36m295.01 kB[39m[2m | [22m
[32mchunk-O7SBD7FP.js[39m  [2m | [22m[2mrequests-module[22m     [2m | [22m[36m284.66 kB[39m[2m | [22m
[32mchunk-ZMTHUKZC.js[39m  [2m | [22m[2mcontracts-module[22m    [2m | [22m[36m278.25 kB[39m[2m | [22m
[32mchunk-T4M2MCNY.js[39m  [2m | [22m[2mloans-module[22m        [2m | [22m[36m269.19 kB[39m[2m | [22m
[32mchunk-H546ZLTV.js[39m  [2m | [22m[2madmin-module[22m        [2m | [22m[36m254.26 kB[39m[2m | [22m
[32mchunk-WCFTDYFW.js[39m  [2m | [22m[2mseparations-module[22m  [2m | [22m[36m228.74 kB[39m[2m | [22m
[32mchunk-G6CB65RU.js[39m  [2m | [22m[2mpayroll-module[22m      [2m | [22m[36m171.27 kB[39m[2m | [22m
[32mchunk-JKAD6PCV.js[39m  [2m | [22m[2mperformance-module[22m  [2m | [22m[36m170.23 kB[39m[2m | [22m
[32mchunk-4FTBJIOP.js[39m  [2m | [22m[2mannouncements-module[22m[2m | [22m[36m163.17 kB[39m[2m | [22m
[32mchunk-TBA2U2XC.js[39m  [2m | [22m[2massets-module[22m       [2m | [22m[36m154.81 kB[39m[2m | [22m
[32mchunk-UIVYHNHW.js[39m  [2m | [22m[2mpolicies-module[22m     [2m | [22m[36m154.01 kB[39m[2m | [22m
[32mchunk-5SGVR64R.js[39m  [2m | [22m[2morg-chart-module[22m    [2m | [22m[36m146.05 kB[39m[2m | [22m
[2m...and 3 more lazy chunks files. Use "--verbose" to show all the files.[22m

Application bundle generation complete. [1.537 seconds] - 2026-06-23T08:17:07.198Z

Page reload sent to client(s).
[33m>[39m Changes detected. Rebuilding...
[32m√[39m Changes detected. Rebuilding...
[1mInitial chunk files[22m[2m | [22m[1mNames[22m        [2m | [22m [1mRaw size[22m
[32mmain.js[39m            [2m | [22m[2mmain[22m         [2m | [22m [36m18.33 kB[39m[2m | [22m

[1mLazy chunk files[22m   [2m | [22m[1mNames[22m        [2m | [22m [1mRaw size[22m
[32mchunk-L4NFQNO6.js[39m  [2m | [22m[2massets-module[22m[2m | [22m[36m157.38 kB[39m[2m | [22m

Application bundle generation complete. [2.141 seconds] - 2026-06-23T08:23:28.831Z

Page reload sent to client(s).
