[1m[33m
Warning: This is a simple server for use in testing or debugging Angular applications
locally. It hasn't been reviewed for security issues.

Binding this server to an open connection can result in compromising your application or
computer. Using a different host than the one passed to the "--host" flag might result in
websocket connection issues. You might need to use "--disable-host-check" if that's the
case.
    [39m[22m
[1m[31m[31mX [41;31m[[41;97mERROR[41;31m][0m [1mTS2551: Property 'isAnnualBalance' does not exist on type 'LeaveListComponent'. Did you mean 'isAnnualLeave'?[0m [1m[35m[plugin angular-compiler][0m

    src/app/modules/leave/components/leave-list.component.ts:393:65:
[37m      393 │ ...day = balances.find((b: any) => this.[32misAnnualBalance[37m(b)) || null;
          ╵                                         [32m~~~~~~~~~~~~~~~[0m

  'isAnnualLeave' is declared here.

    src/app/modules/leave/components/leave-list.component.ts:662:6:
[37m      662 │   get [32misAnnualLeave[37m(): boolean {
          ╵       [32m~~~~~~~~~~~~~[0m

[39m[22m
[1m[31m[2m10:35:09 AM[22m[1m [31m[1m[vite][22m[1m[31m [31mhttp proxy error: /api/v1/notifications?limit=20[31m
AggregateError [ECONNREFUSED]: 
    at internalConnectMultiple (node:net:1134:18)
    at afterConnectMultiple (node:net:1715:7)[39m[22m
