[33m>[39m Building...
[32m√[39m Building...
[1mInitial chunk files[22m[2m | [22m[1mNames[22m               [2m | [22m [1mRaw size[22m
[32mchunk-OY4NJDI3.js[39m  [2m | [22m[2m-[22m                   [2m | [22m [36m95.88 kB[39m[2m | [22m
[32mmain.js[39m            [2m | [22m[2mmain[22m                [2m | [22m [36m19.81 kB[39m[2m | [22m
[32mstyles.css[39m         [2m | [22m[2mstyles[22m              [2m | [22m [36m18.62 kB[39m[2m | [22m
[32mpolyfills.js[39m       [2m | [22m[2mpolyfills[22m           [2m | [22m [36m95 bytes[39m[2m | [22m

[1m [22m                  [2m | [22m[1mInitial total[22m       [2m | [22m[1m134.41 kB[22m

[1mLazy chunk files[22m   [2m | [22m[1mNames[22m               [2m | [22m [1mRaw size[22m
[32mchunk-JDLDG5EB.js[39m  [2m | [22m[2mleave-module[22m        [2m | [22m[36m514.14 kB[39m[2m | [22m
[32mchunk-3AMUFWBI.js[39m  [2m | [22m[2memployees-module[22m    [2m | [22m[36m441.66 kB[39m[2m | [22m
[32mchunk-K44IJMU3.js[39m  [2m | [22m[2mrecruitment-module[22m  [2m | [22m[36m362.77 kB[39m[2m | [22m
[32mchunk-Y4R7VXAN.js[39m  [2m | [22m[2madmin-module[22m        [2m | [22m[36m338.04 kB[39m[2m | [22m
[32mchunk-GIFUVKOW.js[39m  [2m | [22m[2mattendance-module[22m   [2m | [22m[36m322.87 kB[39m[2m | [22m
[32mchunk-NLKMMIK5.js[39m  [2m | [22m[2mcontracts-module[22m    [2m | [22m[36m300.88 kB[39m[2m | [22m
[32mchunk-BIIIN7PT.js[39m  [2m | [22m[2mrequests-module[22m     [2m | [22m[36m287.97 kB[39m[2m | [22m
[32mchunk-EWPCTOL3.js[39m  [2m | [22m[2mloans-module[22m        [2m | [22m[36m280.79 kB[39m[2m | [22m
[32mchunk-OBS7SYQL.js[39m  [2m | [22m[2mseparations-module[22m  [2m | [22m[36m235.56 kB[39m[2m | [22m
[32mchunk-AT2Q5EKL.js[39m  [2m | [22m[2mpayroll-module[22m      [2m | [22m[36m175.65 kB[39m[2m | [22m
[32mchunk-5Y3CWC6S.js[39m  [2m | [22m[2mperformance-module[22m  [2m | [22m[36m173.54 kB[39m[2m | [22m
[32mchunk-4SLQMESF.js[39m  [2m | [22m[2mannouncements-module[22m[2m | [22m[36m163.26 kB[39m[2m | [22m
[32mchunk-P7PBDX3W.js[39m  [2m | [22m[2massets-module[22m       [2m | [22m[36m157.47 kB[39m[2m | [22m
[32mchunk-SUUBLUWB.js[39m  [2m | [22m[2mauth-module[22m         [2m | [22m[36m157.28 kB[39m[2m | [22m
[32mchunk-PL6LHXVJ.js[39m  [2m | [22m[2mpolicies-module[22m     [2m | [22m[36m154.09 kB[39m[2m | [22m
[2m...and 5 more lazy chunks files. Use "--verbose" to show all the files.[22m

Application bundle generation complete. [13.918 seconds] - 2026-07-08T13:19:59.854Z

Watch mode enabled. Watching for file changes...
NOTE: Raw file sizes do not reflect development server per-request transformations.
  [32m➜[39m  [1mLocal[22m:   [36mhttp://127.0.0.1:[1m4200[22m/[39m
[2m[32m  ➜[39m[22m[2m  press [22m[1mh + enter[22m[2m to show help[22m
[33m>[39m Changes detected. Rebuilding...
[32m√[39m Changes detected. Rebuilding...
[1mInitial chunk files[22m[2m | [22m[1mNames[22m            [2m | [22m [1mRaw size[22m
[32mmain.js[39m            [2m | [22m[2mmain[22m             [2m | [22m [36m19.81 kB[39m[2m | [22m

[1mLazy chunk files[22m   [2m | [22m[1mNames[22m            [2m | [22m [1mRaw size[22m
[32mchunk-QKH4M6VV.js[39m  [2m | [22m[2mattendance-module[22m[2m | [22m[36m323.20 kB[39m[2m | [22m

Application bundle generation complete. [8.247 seconds] - 2026-07-08T13:48:05.797Z

Page reload sent to client(s).
