
> hrms-frontend@1.0.0 start
> ng serve --proxy-config proxy.conf.json --host 127.0.0.1 --port 4200

[33m>[39m Building...
[32m√[39m Building...
[1mInitial chunk files[22m[2m | [22m[1mNames[22m               [2m | [22m [1mRaw size[22m
[32mchunk-4TYLL2NU.js[39m  [2m | [22m[2m-[22m                   [2m | [22m [36m94.59 kB[39m[2m | [22m
[32mmain.js[39m            [2m | [22m[2mmain[22m                [2m | [22m [36m19.70 kB[39m[2m | [22m
[32mstyles.css[39m         [2m | [22m[2mstyles[22m              [2m | [22m [36m18.62 kB[39m[2m | [22m
[32mpolyfills.js[39m       [2m | [22m[2mpolyfills[22m           [2m | [22m [36m95 bytes[39m[2m | [22m

[1m [22m                  [2m | [22m[1mInitial total[22m       [2m | [22m[1m133.00 kB[22m

[1mLazy chunk files[22m   [2m | [22m[1mNames[22m               [2m | [22m [1mRaw size[22m
[32mchunk-EE32INAT.js[39m  [2m | [22m[2mleave-module[22m        [2m | [22m[36m463.65 kB[39m[2m | [22m
[32mchunk-RLGDQTTB.js[39m  [2m | [22m[2memployees-module[22m    [2m | [22m[36m407.19 kB[39m[2m | [22m
[32mchunk-ZQSN3OVM.js[39m  [2m | [22m[2mattendance-module[22m   [2m | [22m[36m312.97 kB[39m[2m | [22m
[32mchunk-I4P7CUDL.js[39m  [2m | [22m[2mcontracts-module[22m    [2m | [22m[36m298.78 kB[39m[2m | [22m
[32mchunk-ELKGUDHT.js[39m  [2m | [22m[2mrecruitment-module[22m  [2m | [22m[36m298.37 kB[39m[2m | [22m
[32mchunk-7PQKSBGG.js[39m  [2m | [22m[2mrequests-module[22m     [2m | [22m[36m287.97 kB[39m[2m | [22m
[32mchunk-5V7TP27X.js[39m  [2m | [22m[2mloans-module[22m        [2m | [22m[36m269.27 kB[39m[2m | [22m
[32mchunk-7K2LZEDJ.js[39m  [2m | [22m[2madmin-module[22m        [2m | [22m[36m254.34 kB[39m[2m | [22m
[32mchunk-ZZFP6REJ.js[39m  [2m | [22m[2mseparations-module[22m  [2m | [22m[36m228.82 kB[39m[2m | [22m
[32mchunk-WE5N762C.js[39m  [2m | [22m[2mpayroll-module[22m      [2m | [22m[36m174.68 kB[39m[2m | [22m
[32mchunk-VZOS4LYN.js[39m  [2m | [22m[2mperformance-module[22m  [2m | [22m[36m173.54 kB[39m[2m | [22m
[32mchunk-LCJLFTOA.js[39m  [2m | [22m[2mannouncements-module[22m[2m | [22m[36m163.26 kB[39m[2m | [22m
[32mchunk-Z3MGH7LK.js[39m  [2m | [22m[2massets-module[22m       [2m | [22m[36m157.47 kB[39m[2m | [22m
[32mchunk-LXGWDXBY.js[39m  [2m | [22m[2mpolicies-module[22m     [2m | [22m[36m154.09 kB[39m[2m | [22m
[32mchunk-XVSRZYFK.js[39m  [2m | [22m[2morg-chart-module[22m    [2m | [22m[36m146.13 kB[39m[2m | [22m
[2m...and 5 more lazy chunks files. Use "--verbose" to show all the files.[22m

Application bundle generation complete. [10.554 seconds] - 2026-06-24T11:26:04.742Z

Watch mode enabled. Watching for file changes...
NOTE: Raw file sizes do not reflect development server per-request transformations.
  [32m➜[39m  [1mLocal[22m:   [36mhttp://127.0.0.1:[1m4200[22m/[39m
[2m[32m  ➜[39m[22m[2m  press [22m[1mh + enter[22m[2m to show help[22m
[33m>[39m Changes detected. Rebuilding...
[32m√[39m Changes detected. Rebuilding...
[1mInitial chunk files[22m[2m | [22m[1mNames[22m         [2m | [22m [1mRaw size[22m
[32mmain.js[39m            [2m | [22m[2mmain[22m          [2m | [22m [36m19.70 kB[39m[2m | [22m

[1mLazy chunk files[22m   [2m | [22m[1mNames[22m         [2m | [22m [1mRaw size[22m
[32mchunk-HLW4Y2U6.js[39m  [2m | [22m[2mprofile-module[22m[2m | [22m[36m137.06 kB[39m[2m | [22m

Application bundle generation complete. [9.107 seconds] - 2026-06-24T11:58:59.627Z

Page reload sent to client(s).
[33m>[39m Changes detected. Rebuilding...
[32m√[39m Changes detected. Rebuilding...
[1mInitial chunk files[22m[2m | [22m[1mNames[22m             [2m | [22m [1mRaw size[22m
[32mmain.js[39m            [2m | [22m[2mmain[22m              [2m | [22m [36m19.70 kB[39m[2m | [22m

[1mLazy chunk files[22m   [2m | [22m[1mNames[22m             [2m | [22m [1mRaw size[22m
[32mchunk-OIFRHVI4.js[39m  [2m | [22m[2mrecruitment-module[22m[2m | [22m[36m298.83 kB[39m[2m | [22m

Application bundle generation complete. [1.661 seconds] - 2026-06-24T12:21:19.177Z

Page reload sent to client(s).
[33m>[39m Changes detected. Rebuilding...
[32m√[39m Changes detected. Rebuilding...
[1mInitial chunk files[22m[2m | [22m[1mNames[22m             [2m | [22m [1mRaw size[22m
[32mmain.js[39m            [2m | [22m[2mmain[22m              [2m | [22m [36m19.70 kB[39m[2m | [22m

[1mLazy chunk files[22m   [2m | [22m[1mNames[22m             [2m | [22m [1mRaw size[22m
[32mchunk-RJ26BQW4.js[39m  [2m | [22m[2mrecruitment-module[22m[2m | [22m[36m300.71 kB[39m[2m | [22m

Application bundle generation complete. [3.183 seconds] - 2026-06-24T12:22:00.066Z

Component update sent to client(s).
[33m>[39m Changes detected. Rebuilding...
[32m√[39m Changes detected. Rebuilding...
[1mInitial chunk files[22m[2m | [22m[1mNames[22m             [2m | [22m [1mRaw size[22m
[32mmain.js[39m            [2m | [22m[2mmain[22m              [2m | [22m [36m19.70 kB[39m[2m | [22m

[1mLazy chunk files[22m   [2m | [22m[1mNames[22m             [2m | [22m [1mRaw size[22m
[32mchunk-XF5L3T67.js[39m  [2m | [22m[2mrecruitment-module[22m[2m | [22m[36m300.67 kB[39m[2m | [22m

Application bundle generation complete. [1.698 seconds] - 2026-06-24T12:22:03.780Z

Component update sent to client(s).
[33m>[39m Changes detected. Rebuilding...
[32m√[39m Changes detected. Rebuilding...
[1mInitial chunk files[22m[2m | [22m[1mNames[22m             [2m | [22m [1mRaw size[22m
[32mmain.js[39m            [2m | [22m[2mmain[22m              [2m | [22m [36m19.70 kB[39m[2m | [22m

[1mLazy chunk files[22m   [2m | [22m[1mNames[22m             [2m | [22m [1mRaw size[22m
[32mchunk-FAVFVPLM.js[39m  [2m | [22m[2mrecruitment-module[22m[2m | [22m[36m300.94 kB[39m[2m | [22m

Application bundle generation complete. [1.745 seconds] - 2026-06-24T12:22:55.217Z

Component update sent to client(s).
[33m>[39m Changes detected. Rebuilding...
[32m√[39m Changes detected. Rebuilding...
[1mInitial chunk files[22m[2m | [22m[1mNames[22m             [2m | [22m [1mRaw size[22m
[32mmain.js[39m            [2m | [22m[2mmain[22m              [2m | [22m [36m19.70 kB[39m[2m | [22m

[1mLazy chunk files[22m   [2m | [22m[1mNames[22m             [2m | [22m [1mRaw size[22m
[32mchunk-FVG6TYJJ.js[39m  [2m | [22m[2mrecruitment-module[22m[2m | [22m[36m301.07 kB[39m[2m | [22m

Application bundle generation complete. [1.523 seconds] - 2026-06-24T12:23:04.137Z

Component update sent to client(s).
[33m>[39m Changes detected. Rebuilding...
[32m√[39m Changes detected. Rebuilding...
[1mInitial chunk files[22m[2m | [22m[1mNames[22m             [2m | [22m [1mRaw size[22m
[32mmain.js[39m            [2m | [22m[2mmain[22m              [2m | [22m [36m19.70 kB[39m[2m | [22m

[1mLazy chunk files[22m   [2m | [22m[1mNames[22m             [2m | [22m [1mRaw size[22m
[32mchunk-KEJXFK7T.js[39m  [2m | [22m[2mrecruitment-module[22m[2m | [22m[36m302.84 kB[39m[2m | [22m

Application bundle generation complete. [1.572 seconds] - 2026-06-24T12:23:14.615Z

Component update sent to client(s).
[33m>[39m Changes detected. Rebuilding...
[32m√[39m Changes detected. Rebuilding...
[1mInitial chunk files[22m[2m | [22m[1mNames[22m             [2m | [22m [1mRaw size[22m
[32mmain.js[39m            [2m | [22m[2mmain[22m              [2m | [22m [36m19.70 kB[39m[2m | [22m

[1mLazy chunk files[22m   [2m | [22m[1mNames[22m             [2m | [22m [1mRaw size[22m
[32mchunk-7ZF6SBEI.js[39m  [2m | [22m[2mrecruitment-module[22m[2m | [22m[36m325.17 kB[39m[2m | [22m

Application bundle generation complete. [1.911 seconds] - 2026-06-24T12:27:57.373Z

Component update sent to client(s).
[33m>[39m Changes detected. Rebuilding...
[32m√[39m Changes detected. Rebuilding...
[1mInitial chunk files[22m[2m | [22m[1mNames[22m             [2m | [22m [1mRaw size[22m
[32mmain.js[39m            [2m | [22m[2mmain[22m              [2m | [22m [36m19.70 kB[39m[2m | [22m

[1mLazy chunk files[22m   [2m | [22m[1mNames[22m             [2m | [22m [1mRaw size[22m
[32mchunk-C54J7NU3.js[39m  [2m | [22m[2mrecruitment-module[22m[2m | [22m[36m325.13 kB[39m[2m | [22m

Application bundle generation complete. [1.740 seconds] - 2026-06-24T12:29:08.737Z

Component update sent to client(s).
[33m>[39m Changes detected. Rebuilding...
[32m√[39m Changes detected. Rebuilding...
[1mInitial chunk files[22m[2m | [22m[1mNames[22m             [2m | [22m [1mRaw size[22m
[32mmain.js[39m            [2m | [22m[2mmain[22m              [2m | [22m [36m19.70 kB[39m[2m | [22m

[1mLazy chunk files[22m   [2m | [22m[1mNames[22m             [2m | [22m [1mRaw size[22m
[32mchunk-TGN5EGXA.js[39m  [2m | [22m[2mrecruitment-module[22m[2m | [22m[36m325.40 kB[39m[2m | [22m

Application bundle generation complete. [2.325 seconds] - 2026-06-24T12:31:56.321Z

Component update sent to client(s).
[33m>[39m Changes detected. Rebuilding...
[32m√[39m Changes detected. Rebuilding...
[1mInitial chunk files[22m[2m | [22m[1mNames[22m             [2m | [22m [1mRaw size[22m
[32mmain.js[39m            [2m | [22m[2mmain[22m              [2m | [22m [36m19.70 kB[39m[2m | [22m

[1mLazy chunk files[22m   [2m | [22m[1mNames[22m             [2m | [22m [1mRaw size[22m
[32mchunk-P5IR4KGA.js[39m  [2m | [22m[2mrecruitment-module[22m[2m | [22m[36m329.12 kB[39m[2m | [22m

Application bundle generation complete. [2.250 seconds] - 2026-06-24T12:32:12.156Z

Component update sent to client(s).
[33m>[39m Changes detected. Rebuilding...
[32m√[39m Changes detected. Rebuilding...
[1mInitial chunk files[22m[2m | [22m[1mNames[22m             [2m | [22m [1mRaw size[22m
[32mmain.js[39m            [2m | [22m[2mmain[22m              [2m | [22m [36m19.70 kB[39m[2m | [22m

[1mLazy chunk files[22m   [2m | [22m[1mNames[22m             [2m | [22m [1mRaw size[22m
[32mchunk-CCI3T5ZY.js[39m  [2m | [22m[2mrecruitment-module[22m[2m | [22m[36m329.55 kB[39m[2m | [22m

Application bundle generation complete. [1.460 seconds] - 2026-06-24T12:36:33.472Z

Page reload sent to client(s).
[33m>[39m Changes detected. Rebuilding...
[32m√[39m Changes detected. Rebuilding...
[1mInitial chunk files[22m[2m | [22m[1mNames[22m             [2m | [22m [1mRaw size[22m
[32mmain.js[39m            [2m | [22m[2mmain[22m              [2m | [22m [36m19.70 kB[39m[2m | [22m

[1mLazy chunk files[22m   [2m | [22m[1mNames[22m             [2m | [22m [1mRaw size[22m
[32mchunk-7XBGWCUZ.js[39m  [2m | [22m[2mrecruitment-module[22m[2m | [22m[36m332.15 kB[39m[2m | [22m

Application bundle generation complete. [2.000 seconds] - 2026-06-24T12:36:44.778Z

Component update sent to client(s).
[33m>[39m Changes detected. Rebuilding...
[32m√[39m Changes detected. Rebuilding...
[1mInitial chunk files[22m[2m | [22m[1mNames[22m             [2m | [22m [1mRaw size[22m
[32mmain.js[39m            [2m | [22m[2mmain[22m              [2m | [22m [36m19.70 kB[39m[2m | [22m

[1mLazy chunk files[22m   [2m | [22m[1mNames[22m             [2m | [22m [1mRaw size[22m
[32mchunk-PUIDABXB.js[39m  [2m | [22m[2mrecruitment-module[22m[2m | [22m[36m332.91 kB[39m[2m | [22m

Application bundle generation complete. [2.971 seconds] - 2026-06-24T12:37:26.628Z

Component update sent to client(s).
[33m>[39m Changes detected. Rebuilding...
[32m√[39m Changes detected. Rebuilding...
[1mInitial chunk files[22m[2m | [22m[1mNames[22m             [2m | [22m [1mRaw size[22m
[32mmain.js[39m            [2m | [22m[2mmain[22m              [2m | [22m [36m19.70 kB[39m[2m | [22m

[1mLazy chunk files[22m   [2m | [22m[1mNames[22m             [2m | [22m [1mRaw size[22m
[32mchunk-YHXNAL76.js[39m  [2m | [22m[2mrecruitment-module[22m[2m | [22m[36m334.56 kB[39m[2m | [22m

Application bundle generation complete. [1.504 seconds] - 2026-06-24T12:39:47.319Z

Page reload sent to client(s).
[33m>[39m Changes detected. Rebuilding...
[32m√[39m Changes detected. Rebuilding...
[1mInitial chunk files[22m[2m | [22m[1mNames[22m             [2m | [22m [1mRaw size[22m
[32mmain.js[39m            [2m | [22m[2mmain[22m              [2m | [22m [36m19.70 kB[39m[2m | [22m

[1mLazy chunk files[22m   [2m | [22m[1mNames[22m             [2m | [22m [1mRaw size[22m
[32mchunk-JBEA32TI.js[39m  [2m | [22m[2mrecruitment-module[22m[2m | [22m[36m334.58 kB[39m[2m | [22m

Application bundle generation complete. [1.437 seconds] - 2026-06-24T12:40:01.205Z

Page reload sent to client(s).
[33m>[39m Changes detected. Rebuilding...
[32m√[39m Changes detected. Rebuilding...
[1mInitial chunk files[22m[2m | [22m[1mNames[22m             [2m | [22m [1mRaw size[22m
[32mmain.js[39m            [2m | [22m[2mmain[22m              [2m | [22m [36m19.70 kB[39m[2m | [22m

[1mLazy chunk files[22m   [2m | [22m[1mNames[22m             [2m | [22m [1mRaw size[22m
[32mchunk-4M6S5J3K.js[39m  [2m | [22m[2mrecruitment-module[22m[2m | [22m[36m335.38 kB[39m[2m | [22m

Application bundle generation complete. [1.686 seconds] - 2026-06-24T12:40:33.109Z

Component update sent to client(s).
[33m>[39m Changes detected. Rebuilding...
[32m√[39m Changes detected. Rebuilding...
[1mInitial chunk files[22m[2m | [22m[1mNames[22m             [2m | [22m [1mRaw size[22m
[32mmain.js[39m            [2m | [22m[2mmain[22m              [2m | [22m [36m19.70 kB[39m[2m | [22m

[1mLazy chunk files[22m   [2m | [22m[1mNames[22m             [2m | [22m [1mRaw size[22m
[32mchunk-LDQ76KZH.js[39m  [2m | [22m[2mrecruitment-module[22m[2m | [22m[36m335.81 kB[39m[2m | [22m

Application bundle generation complete. [1.573 seconds] - 2026-06-24T12:40:38.011Z

Component update sent to client(s).
[33m>[39m Changes detected. Rebuilding...
[32m√[39m Changes detected. Rebuilding...
[1mInitial chunk files[22m[2m | [22m[1mNames[22m       [2m | [22m [1mRaw size[22m
[32mmain.js[39m            [2m | [22m[2mmain[22m        [2m | [22m [36m19.70 kB[39m[2m | [22m

[1mLazy chunk files[22m   [2m | [22m[1mNames[22m       [2m | [22m [1mRaw size[22m
[32mchunk-SJOYGZBC.js[39m  [2m | [22m[2madmin-module[22m[2m | [22m[36m254.34 kB[39m[2m | [22m

Application bundle generation complete. [1.287 seconds] - 2026-06-24T12:40:43.034Z

Page reload sent to client(s).
[33m>[39m Changes detected. Rebuilding...
[32m√[39m Changes detected. Rebuilding...
[1mInitial chunk files[22m[2m | [22m[1mNames[22m       [2m | [22m [1mRaw size[22m
[32mmain.js[39m            [2m | [22m[2mmain[22m        [2m | [22m [36m19.70 kB[39m[2m | [22m

[1mLazy chunk files[22m   [2m | [22m[1mNames[22m       [2m | [22m [1mRaw size[22m
[32mchunk-26GDA5XZ.js[39m  [2m | [22m[2madmin-module[22m[2m | [22m[36m254.39 kB[39m[2m | [22m

Application bundle generation complete. [1.355 seconds] - 2026-06-24T12:41:04.153Z

Component update sent to client(s).
[33m>[39m Changes detected. Rebuilding...
[32m√[39m Changes detected. Rebuilding...
[1mInitial chunk files[22m[2m | [22m[1mNames[22m       [2m | [22m [1mRaw size[22m
[32mmain.js[39m            [2m | [22m[2mmain[22m        [2m | [22m [36m19.70 kB[39m[2m | [22m

[1mLazy chunk files[22m   [2m | [22m[1mNames[22m       [2m | [22m [1mRaw size[22m
[32mchunk-G7RLLKDR.js[39m  [2m | [22m[2madmin-module[22m[2m | [22m[36m254.39 kB[39m[2m | [22m

Application bundle generation complete. [1.509 seconds] - 2026-06-24T12:41:22.485Z

Component update sent to client(s).
[33m>[39m Changes detected. Rebuilding...
[32m√[39m Changes detected. Rebuilding...
[1mInitial chunk files[22m[2m | [22m[1mNames[22m       [2m | [22m [1mRaw size[22m
[32mmain.js[39m            [2m | [22m[2mmain[22m        [2m | [22m [36m19.70 kB[39m[2m | [22m

[1mLazy chunk files[22m   [2m | [22m[1mNames[22m       [2m | [22m [1mRaw size[22m
[32mchunk-3PWAXCC4.js[39m  [2m | [22m[2madmin-module[22m[2m | [22m[36m254.39 kB[39m[2m | [22m

Application bundle generation complete. [1.421 seconds] - 2026-06-24T12:42:07.535Z

Component update sent to client(s).
