[1m[31m[31mX [41;31m[[41;97mERROR[41;31m][0m [1mTS2339: Property 'firstError' does not exist on type 'RecruitmentListComponent'.[0m [1m[35m[plugin angular-compiler][0m

    src/app/modules/recruitment/components/recruitment-list.component.ts:422:29:
[37m      422 │         this.errorMsg = this.[32mfirstError[37m(err) || err?.error?.messa...
          ╵                              [32m~~~~~~~~~~[0m

[39m[22m
[1m[31m[31mX [41;31m[[41;97mERROR[41;31m][0m [1mTS2353: Object literal may only specify known properties, and 'unit_id' does not exist in type 'EmployeeFilters'.[0m [1m[35m[plugin angular-compiler][0m

    src/app/modules/employees/components/employee-list.component.ts:232:8:
[37m      232 │         [32munit_id[37m:         this.unitFilter.value     ?? '',
          ╵         [32m~~~~~~~[0m

  The expected type comes from property 'params' which is declared here on type '{ params?: EmployeeFilters; }'

    src/app/modules/employees/store/employee.actions.ts:22:10:
[37m      22 │   props<{ [32mparams[37m?: EmployeeFilters }>()
         ╵           [32m~~~~~~[0m

[39m[22m
[1m[31m[31mX [41;31m[[41;97mERROR[41;31m][0m [1mTS2353: Object literal may only specify known properties, and 'unit_id' does not exist in type 'EmployeeFilters'.[0m [1m[35m[plugin angular-compiler][0m

    src/app/modules/employees/components/employee-list.component.ts:232:8:
[37m      232 │         [32munit_id[37m:         this.unitFilter.value     ?? '',
          ╵         [32m~~~~~~~[0m

  The expected type comes from property 'params' which is declared here on type '{ params?: EmployeeFilters; }'

    src/app/modules/employees/store/employee.actions.ts:22:10:
[37m      22 │   props<{ [32mparams[37m?: EmployeeFilters }>()
         ╵           [32m~~~~~~[0m

[39m[22m
[1m[31m[31mX [41;31m[[41;97mERROR[41;31m][0m [1mTS2339: Property 'loadUnits' does not exist on type 'AdminComponent'.[0m [1m[35m[plugin angular-compiler][0m

    src/app/modules/admin/components/admin.component.ts:217:36:
[37m      217 │     if (id === 'units')        this.[32mloadUnits[37m();
          ╵                                     [32m~~~~~~~~~[0m


[31mX [41;31m[[41;97mERROR[41;31m][0m [1mTS2339: Property 'loadUnits' does not exist on type 'AdminComponent'.[0m [1m[35m[plugin angular-compiler][0m

    src/app/modules/admin/components/admin.component.ts:218:62:
[37m      218 │ ...=== 'departments')  { this.loadDepartments(); this.[32mloadUnits[37m(); }
          ╵                                                       [32m~~~~~~~~~[0m


[31mX [41;31m[[41;97mERROR[41;31m][0m [1mTS2353: Object literal may only specify known properties, and 'unit_id' does not exist in type 'EmployeeFilters'.[0m [1m[35m[plugin angular-compiler][0m

    src/app/modules/employees/components/employee-list.component.ts:232:8:
[37m      232 │         [32munit_id[37m:         this.unitFilter.value     ?? '',
          ╵         [32m~~~~~~~[0m

  The expected type comes from property 'params' which is declared here on type '{ params?: EmployeeFilters; }'

    src/app/modules/employees/store/employee.actions.ts:22:10:
[37m      22 │   props<{ [32mparams[37m?: EmployeeFilters }>()
         ╵           [32m~~~~~~[0m

[39m[22m
[1m[31m[31mX [41;31m[[41;97mERROR[41;31m][0m [1mTS2353: Object literal may only specify known properties, and 'unit_id' does not exist in type 'EmployeeFilters'.[0m [1m[35m[plugin angular-compiler][0m

    src/app/modules/employees/components/employee-list.component.ts:232:8:
[37m      232 │         [32munit_id[37m:         this.unitFilter.value     ?? '',
          ╵         [32m~~~~~~~[0m

  The expected type comes from property 'params' which is declared here on type '{ params?: EmployeeFilters; }'

    src/app/modules/employees/store/employee.actions.ts:22:10:
[37m      22 │   props<{ [32mparams[37m?: EmployeeFilters }>()
         ╵           [32m~~~~~~[0m

[39m[22m
[1m[31m[31mX [41;31m[[41;97mERROR[41;31m][0m [1mTS2353: Object literal may only specify known properties, and 'unit_id' does not exist in type 'EmployeeFilters'.[0m [1m[35m[plugin angular-compiler][0m

    src/app/modules/employees/components/employee-list.component.ts:232:8:
[37m      232 │         [32munit_id[37m:         this.unitFilter.value     ?? '',
          ╵         [32m~~~~~~~[0m

  The expected type comes from property 'params' which is declared here on type '{ params?: EmployeeFilters; }'

    src/app/modules/employees/store/employee.actions.ts:22:10:
[37m      22 │   props<{ [32mparams[37m?: EmployeeFilters }>()
         ╵           [32m~~~~~~[0m

[39m[22m
[1m[31m[31mX [41;31m[[41;97mERROR[41;31m][0m [1mTS2353: Object literal may only specify known properties, and 'unit_id' does not exist in type 'EmployeeFilters'.[0m [1m[35m[plugin angular-compiler][0m

    src/app/modules/employees/components/employee-list.component.ts:232:8:
[37m      232 │         [32munit_id[37m:         this.unitFilter.value     ?? '',
          ╵         [32m~~~~~~~[0m

  The expected type comes from property 'params' which is declared here on type '{ params?: EmployeeFilters; }'

    src/app/modules/employees/store/employee.actions.ts:22:10:
[37m      22 │   props<{ [32mparams[37m?: EmployeeFilters }>()
         ╵           [32m~~~~~~[0m

[39m[22m
[1m[31m[31mX [41;31m[[41;97mERROR[41;31m][0m [1mTS2353: Object literal may only specify known properties, and 'unit_id' does not exist in type 'EmployeeFilters'.[0m [1m[35m[plugin angular-compiler][0m

    src/app/modules/employees/components/employee-list.component.ts:232:8:
[37m      232 │         [32munit_id[37m:         this.unitFilter.value     ?? '',
          ╵         [32m~~~~~~~[0m

  The expected type comes from property 'params' which is declared here on type '{ params?: EmployeeFilters; }'

    src/app/modules/employees/store/employee.actions.ts:22:10:
[37m      22 │   props<{ [32mparams[37m?: EmployeeFilters }>()
         ╵           [32m~~~~~~[0m

[39m[22m
[1m[31m[31mX [41;31m[[41;97mERROR[41;31m][0m [1mTS2339: Property 'loanTypeCodeFromName' does not exist on type 'LoanListComponent'.[0m [1m[35m[plugin angular-compiler][0m

    src/app/modules/loans/components/loan-list.component.ts:306:32:
[37m      306 │ ...is.typeForm.code = this.[32mloanTypeCodeFromName[37m(this.typeForm.name);
          ╵                            [32m~~~~~~~~~~~~~~~~~~~~[0m

[39m[22m
[1m[31m[31mX [41;31m[[41;97mERROR[41;31m][0m [1mTS2339: Property 'loanTypeCodeFromName' does not exist on type 'LoanListComponent'.[0m [1m[35m[plugin angular-compiler][0m

    src/app/modules/loans/components/loan-list.component.ts:306:32:
[37m      306 │ ...is.typeForm.code = this.[32mloanTypeCodeFromName[37m(this.typeForm.name);
          ╵                            [32m~~~~~~~~~~~~~~~~~~~~[0m


[31mX [41;31m[[41;97mERROR[41;31m][0m [1mTS2339: Property 'loanTypeCodeFromName' does not exist on type 'LoanListComponent'.[0m [1m[35m[plugin angular-compiler][0m

    src/app/modules/loans/components/loan-list.component.ts:312:87:
[37m      312 │ ...).toUpperCase() || this.[32mloanTypeCodeFromName[37m(this.typeForm.name);
          ╵                            [32m~~~~~~~~~~~~~~~~~~~~[0m

[39m[22m
[1m[31m[31mX [41;31m[[41;97mERROR[41;31m][0m [1mTS2339: Property 'loadHolidayManagement' does not exist on type 'LeaveListComponent'.[0m [1m[35m[plugin angular-compiler][0m

    src/app/modules/leave/components/leave-list.component.ts:460:32:
[37m      460 │     if (id === 'holidays') this.[32mloadHolidayManagement[37m();
          ╵                                 [32m~~~~~~~~~~~~~~~~~~~~~[0m

[39m[22m
[1m[31mComponent update failed: ctx_r0.isAnnualLeaveBalance is not a function
TypeError: ctx_r0.isAnnualLeaveBalance is not a function
    at EmployeeDetailComponent_div_9_div_15_div_1_Template (http://localhost:4200/@ng/component?c=src%2Fapp%2Fmodules%2Femployees%2Fcomponents%2Femployee-detail.component.ts%40EmployeeDetailComponent&t=1782735907728:1144:59)
    at executeTemplate (http://localhost:4200/@fs/E:/Xampp_new/htdocs/hrportal/frontend/.angular/cache/20.3.19/hrms-frontend/vite/deps/chunk-CVL54NEV.js?v=fb62ba7a:8595:5)
    at refreshView (http://localhost:4200/@fs/E:/Xampp_new/htdocs/hrportal/frontend/.angular/cache/20.3.19/hrms-frontend/vite/deps/chunk-CVL54NEV.js?v=fb62ba7a:9281:7)
    at detectChangesInView (http://localhost:4200/@fs/E:/Xampp_new/htdocs/hrportal/frontend/.angular/cache/20.3.19/hrms-frontend/vite/deps/chunk-CVL54NEV.js?v=fb62ba7a:9453:5)
    at detectChangesInViewIfAttached (http://localhost:4200/@fs/E:/Xampp_new/htdocs/hrportal/frontend/.angular/cache/20.3.19/hrms-frontend/vite/deps/chunk-CVL54NEV.js?v=fb62ba7a:9436:3)
    at detectChangesInEmbeddedViews (http://localhost:4200/@fs/E:/Xampp_new/htdocs/hrportal/frontend/.angular/cache/20.3.19/hrms-frontend/vite/deps/chunk-CVL54NEV.js?v=fb62ba7a:9406:7)
    at refreshView (http://localhost:4200/@fs/E:/Xampp_new/htdocs/hrportal/frontend/.angular/cache/20.3.19/hrms-frontend/vite/deps/chunk-CVL54NEV.js?v=fb62ba7a:9306:5)
    at detectChangesInView (http://localhost:4200/@fs/E:/Xampp_new/htdocs/hrportal/frontend/.angular/cache/20.3.19/hrms-frontend/vite/deps/chunk-CVL54NEV.js?v=fb62ba7a:9453:5)
    at detectChangesInViewIfAttached (http://localhost:4200/@fs/E:/Xampp_new/htdocs/hrportal/frontend/.angular/cache/20.3.19/hrms-frontend/vite/deps/chunk-CVL54NEV.js?v=fb62ba7a:9436:3)
    at detectChangesInEmbeddedViews (http://localhost:4200/@fs/E:/Xampp_new/htdocs/hrportal/frontend/.angular/cache/20.3.19/hrms-frontend/vite/deps/chunk-CVL54NEV.js?v=fb62ba7a:9406:7)
Please consider reporting the error at https://github.com/angular/angular-cli/issues[39m[22m
